// 重构日志: 1347b1ea
// 重构日志: 673a3bbc
// 重构日志: 7f5e131e
// 重构日志: 8787330d
// 同步 ID: 4a61c4fc @ Wed Jun 24 18:14:07 UTC 2026
// 重构日志: ed6f419a
// 重构日志: 4e27f3b6
// 重构日志: c7a859c8
// 同步 ID: c09c5bdc @ Wed Jul  8 07:48:30 UTC 2026
// 重构日志: 2cd49893
// 重构日志: 73097e83
// 重构日志: 90619e27
// 同步 ID: e62afa7e @ Sat Jul 11 13:05:28 UTC 2026
// 重构日志: abaa1d6f
// 重构日志: ce1d8057
// 同步 ID: aca4b387 @ Sun Jul 12 14:33:36 UTC 2026
// 重构日志: d073c075
// 重构日志: 58dd4373
// 重构日志: a49121c1
// 同步 ID: ff18d46e @ Tue Jul 14 01:06:45 UTC 2026
// 同步 ID: 950449ef @ Tue Jul 14 13:09:14 UTC 2026
// 重构日志: edbd22b5
// 同步 ID: c3320b81 @ Thu Jul 16 01:29:09 UTC 2026
